                   TEST HOURS ITERABLE
---------------------------------------------------------------------------------------
01:00 46.8F
02:00 43.1F
03:00 40.5F
04:00 39.1F
05:00 39.6F
06:00 41.6F
07:00 44.7F
08:00 48.8F
09:00 53.6F
10:00 58.8F
11:00 63.9F
12:00    N/A
13:00    N/A
14:00    N/A
15:00    N/A
16:00    N/A
17:00    N/A
18:00    N/A
19:00    N/A
20:00    N/A
21:00    N/A
22:00    N/A
23:00    N/A
00:00    N/A
---------------------------------------------------------------------------------------
    
