                   TEST MONTHLY CLIMATOLOGICAL SUMMARY for Sep 2010


NAME:  with UTF8 characters                  
ELEV: 328 feet    LAT: 45-41.16 N    LONG: 121-33.96 W


                   TEMPERATURE (F), RAIN (in), WIND SPEED (mph)

                                         HEAT   COOL         AVG
      MEAN                               DEG    DEG          WIND                   DOM
DAY   TEMP   HIGH   TIME    LOW   TIME   DAYS   DAYS   RAIN  SPEED   HIGH   TIME    DIR
---------------------------------------------------------------------------------------
 01   59.5   79.8  16:00   40.1  04:00    5.5    0.0   0.00    3.3   11.2  00:00    335
 02   59.3   79.2  16:00   39.5  04:00    5.7    0.0   0.52   16.2   24.0  00:00     47
 03   46.7   63.9  11:00   38.9  04:00   18.3    0.0   0.76   19.3   24.0  01:00    107
 04
 05
 06
 07
 08
 09
 10
 11
 12
 13
 14
 15
 16
 17
 18
 19
 20
 21
 22
 23
 24
 25
 26
 27
 28
 29
 30
---------------------------------------------------------------------------------------
      57.1   79.8     01   38.9     03   29.4    0.0   1.28   11.5   24.0     03     61
    
