                     TEST CLIMATOLOGICAL SUMMARY for year 2010


NAME:  with UTF8 characters                  
ELEV: 328 feet    LAT: 45-41.16 N    LONG: 121-33.96 W


                                       TEMPERATURE (F)

                              HEAT    COOL                              MAX    MAX    MIN    MIN    MIN
          MEAN   MEAN         DEG     DEG                                >=     <=     <=     <=     >=
 YR  MO   MAX    MIN    MEAN  DAYS    DAYS      HI  DAY     LOW  DAY     90     32     32      0     59
-------------------------------------------------------------------------------------------------------
2010 01   21.9  -18.2    1.9 1957.0    0.0    25.4   31   -20.0   01      0     31     31     31      0
2010 02   31.7   -8.5   11.7 1492.6    0.0    38.7   28   -14.4   01      0     15     28     28      0
2010 03   48.8    8.5   28.8 1123.1    0.0    58.9   31    -1.0   01      0      0     31      2      0
2010 04   69.4   29.0   49.3  472.1    0.0    78.8   30    19.2   01      0      0     19      0      0
2010 05   87.3   47.1   67.3   31.2  101.4    94.1   31    39.1   01     11      0      0      0      0
2010 06   98.0   57.9   78.0    0.0  389.1   100.0   30    54.3   01     30      0      0      0     11
2010 07   98.4   58.4   78.4    0.0  415.1   100.0   02    55.2   31     31      0      0      0     15
2010 08   88.2   48.4   68.3   19.8  121.0    94.7   01    40.7   31     12      0      0      0      0
2010 09   74.3   39.5   57.1   29.4    0.0    79.8   01    38.9   03      0      0      0      0      0
2010 10
2010 11
2010 12
-------------------------------------------------------------------------------------------------------
          68.4   28.3   48.3 5125.1 1026.5   100.0  Jul   -20.0  Jan     84     46    109     61     26


                  PRECIPITATION (in)

                  MAX         ---DAYS OF RAIN---
                  OBS.               OVER
 YR  MO  TOTAL    DAY  DATE   0.01   0.10   1.00
------------------------------------------------
2010 01  10.24   0.68    01     16     16      0
2010 02   8.96   0.68    02     14     14      0
2010 03  10.24   0.76    15     16     16      0
2010 04   8.96   0.76    04     14     14      0
2010 05  10.24   0.76    02     16     16      0
2010 06   9.48   0.76    03     15     15      0
2010 07   9.72   0.76    01     15     15      0
2010 08  10.24   0.76    02     16     16      0
2010 09   1.28   0.76    03      2      2      0
2010 10
2010 11
2010 12
------------------------------------------------
         79.36   0.76   Mar    124    124      0


           WIND SPEED (mph)

                                DOM
 YR  MO    AVG     HI   DATE    DIR
-----------------------------------
2010 01   10.2   24.0     02     91
2010 02   10.0   24.0     03     90
2010 03   10.2   24.0     03     89
2010 04    9.6   24.0     04     90
2010 05   10.2   24.0     02     91
2010 06   10.0   24.0     03     85
2010 07    9.8   24.0     01     94
2010 08   10.2   24.0     02     91
2010 09   11.5   24.0     03     61
2010 10
2010 11
2010 12
-----------------------------------
          10.0   24.0    Jan     90
