<!DOCTYPE HTML PUBLIC "-//W3C//DTD XHTML 1.0 Strict//EN"
"http://www.w3.org/TR/xhtml1/DTD/xhtml1-strict.dtd">
<html xmlns="http://www.w3.org/1999/xhtml">
<head profile="http://www.w3.org/2005/10/profile">
  <title>TEST: Current Weather Conditions</title>
  <style type="text/css">
  table {
    border: thin solid #000000;
  }
  td {
    border: thin solid #000000;
    padding: 2px;
  }
</style>
</head>
<body>

  <h1>Tests for tag $station</h1>
  <table>
    <tr>
      <td>Station location:</td>
      <td>&#313;&#333;&#263;&#257;&#355;&#297;&#337;&#324; with UTF8 characters</td>
    </tr>
    <tr>
      <td align="right">Latitude:</td>
      <td align="left">45&deg; 41.16' N</td>
    </tr>
    <tr>
      <td align="right">Longitude:</td>
      <td align="left">121&deg; 33.96' W</td>
    </tr>
    <tr>
      <td align="right">Altitude (default unit):</td>
      <td align="left">328 feet</td>
    </tr>
    <tr>
      <td align="right">Altitude (feet):</td>
      <td align="left">328 feet</td>
    </tr>
    <tr>
      <td align="right">Altitude (meters):</td>
      <td align="left">100 meters</td>
    </tr>
  </table>
  
  <hr/>

  <h1>Tests for tag $current</h1>
  <table>
    <tr>
      <td>Current dateTime:</td>
      <td>03-Sep-2010 11:00</td>
    </tr>
    <tr>
      <td>Current dateTime with formatting:</td>
      <td>11:00</td>
    </tr>
    <tr>
      <td>Raw dateTime:</td>
      <td>1283536800</td>
    </tr>
    <tr>
      <td>Outside Temperature (normal formatting)</td>
      <td>63.9&#176;F</td>
    </tr>
    <tr>
      <td>Outside Temperature (explicit unit conversion to Celsius)</td>
      <td>17.7&#176;C</td>
    </tr>
    <tr>
      <td>Outside Temperature (explicit unit conversion to Fahrenheit)</td>
      <td>63.9&#176;F</td>
    </tr>
    <tr>
      <td>Outside Temperature (explicit unit conversion to Celsius, plus formatting)</td>
      <td>17.734&#176;C</td>
    </tr>
    <tr>
      <td>Outside Temperature (explicit unit conversion to Fahrenheit, plus formatting)</td>
      <td>63.921&#176;F</td>
    </tr>
    <tr>
      <td>Outside Temperature (with explicit binding to 'wx_binding')</td>
      <td>63.9&#176;F</td>
    </tr>
    <tr>
      <td>Outside Temperature (with explicit binding to 'alt_binding')</td>
      <td>25.1&#176;F</td>
    </tr>
    <tr>
      <td>Outside Temperature with nonsense binding $current($data_binding='foo_binding').outTemp</td>
      <td>?'foo_binding'?</td>
    </tr>
    <tr>
      <td>Outside Temperature with explicit time</td>
      <td>63.9&#176;F</td>
    </tr>
    <tr>
      <td>Outside Temperature with nonsense time</td>
      <td>   N/A</td>
    </tr>
    <tr>
      <td>Outside Temperature trend (3 hours)</td>
      <td>15.1&#176;F</td>
    </tr>
    <tr>
      <td>Outside Temperature trend with explicit time_delta (3600 seconds)</td>
      <td>5.2&#176;F</td>
    </tr>
    <tr>
      <td>Trend with nonsense type</td>
      <td>?'foobar'?</td>
    </tr>
    <tr>
      <td>Barometer (normal)</td>
      <td>29.207 inHg</td>
    </tr>
    <tr>
      <td>Barometer trend where previous value is known to be None (3 hours)</td>
      <td>   N/A</td>
    </tr>
    <tr>
      <td>Barometer using $latest</td>
      <td>29.207 inHg</td>
    </tr>
    <tr>
      <td>Barometer using $latest and explicit data binding</td>
      <td>29.670 inHg at 1283536800</td>
    </tr>
    <tr>
      <td>Wind Chill (normal)</td>
      <td>63.9&#176;F</td>
    </tr>
    <tr>
      <td>Heat Index (normal)</td>
      <td>63.9&#176;F</td>
    </tr>
    <tr>
      <td>Heat Index (in Celsius)</td>
      <td>17.7&#176;C</td>
    </tr>
    <tr>
      <td>Heat Index (in Fahrenheit)</td>
      <td>63.9&#176;F</td>
    </tr>
    <tr>
      <td>Dewpoint</td>
      <td>58.2&#176;F</td>
    </tr>
    <tr>
      <td>Humidity</td>
      <td>82%</td>
    </tr>
    <tr>
      <td>Wind</td>
      <td>18 mph from 128&#176;</td>
    </tr>
    <tr>
      <td>Rain Rate</td>
      <td>0.00 in/h</td>
    </tr>
    <tr>
      <td>Inside Temperature</td>
      <td>   N/A</td>
    </tr>
    <tr>
      <td>Test tag "exists" for an existent type: $current.outTemp.exists</td>
      <td>TRUE</td>
    </tr>
    <tr>
      <td>Test tag "exists" for a nonsense type: $current.nonsense.exists</td>
      <td>FALSE</td>
    </tr>
    <tr>
      <td>Test tag "has_data" for an existing type with data: $current.outTemp.has_data</td>
      <td>TRUE</td>
    </tr>
    <tr>
      <td>Test tag "has_data" for an existing type without data: $current.hail.has_data</td>
      <td>FALSE</td>
    </tr>
    <tr>
      <td>Test tag "has_data" for a nonsense type: $current.nonsense.has_data</td>
      <td>FALSE</td>
    </tr>
    <tr>
      <td>Test for a bad observation type on a $current tag: $current.foobar</td>
      <td>?'foobar'?</td>
    </tr>
  </table>

  <hr/>

  <h1>Tests for tag $hour</h1>
  <table>
    <tr>
        <td>Start of hour:</td>
        <td>09/03/2010 10:00:00</td>
    </tr>
    <tr>
        <td>Start of hour (unix epoch time):</td>
        <td>1283533200.0</td>
    </tr>
    <tr>
      <td>Max Temperature</td>
      <td>63.9&#176;F</td>
    </tr>
    <tr>
      <td>Min Temperature</td>
      <td>61.4&#176;F</td>
    </tr>
    <tr>
      <td>Time of max temperature:</td>
      <td>11:00</td>
    </tr>
    <tr>
      <td>Time of min temperature:</td>
      <td>10:30</td>
    </tr>
  </table>
  
  <h1>Iterate over three hours:</h1>
  <table>
    <tr>
      <td>Start of hour</td>
      <td>Min temperature</td>
      <td>When</td>
    </tr>
    <tr>
      <td>07:00</td>
      <td>46.7&#176;F</td>
      <td>07:30</td>
    </tr>
    <tr>
      <td>08:00</td>
      <td>51.2&#176;F</td>
      <td>08:30</td>
    </tr>
    <tr>
      <td>09:00</td>
      <td>56.2&#176;F</td>
      <td>09:30</td>
    </tr>
    <tr>
      <td>10:00</td>
      <td>61.4&#176;F</td>
      <td>10:30</td>
    </tr>
  </table>
  
  <hr/>
  
  <h1>Tests for tag $span</h1>
  <table>
    <tr>
      <td>Current dateTime:</td>
      <td>03-Sep-2010 11:00</td>
    </tr>
    <tr>
      <td>Min Temperature in last hour (via $span($time_delta=3600)):</td>
      <td>61.4&#176;F</td>
    </tr>
    <tr>
      <td>Min Temperature in last hour (via $span($hour_delta=1)):</td>
      <td>61.4&#176;F</td>
    </tr>
    <tr>
      <td>Min Temperature in last 90 min (via $span($time_delta=5400)):</td>
      <td>58.8&#176;F</td>
    </tr>
    <tr>
      <td>Min Temperature in last 90 min (via $span($hour_delta=1.5)):</td>
      <td>58.8&#176;F</td>
    </tr>
    <tr>
      <td>Max Temperature in last 24 hours (via $span($time_delta=86400)):</td>
      <td>79.2&#176;F</td>
    </tr>
    <tr>
      <td>Max Temperature in last 24 hours (via $span($hour_delta=24)):</td>
      <td>79.2&#176;F</td>
    </tr>
    <tr>
      <td>Max Temperature in last 24 hours (via $span($day_delta=1)):</td>
      <td>79.2&#176;F</td>
    </tr>
    <tr>
      <td>Min Temperature in last 7 days (via $span($time_delta=604800)):</td>
      <td>38.9&#176;F</td>
    </tr>
    <tr>
      <td>Min Temperature in last 7 days (via $span($hour_delta=168)):</td>
      <td>38.9&#176;F</td>
    </tr>
    <tr>
      <td>Min Temperature in last 7 days (via $span($day_delta=7)):</td>
      <td>38.9&#176;F</td>
    </tr>
    <tr>
      <td>Min Temperature in last 7 days (via $span($week_delta=1)):</td>
      <td>38.9&#176;F</td>
    </tr>
    <tr>
      <td>Rainfall in last 24 hours (via $span($time_delta=86400)):</td>
      <td>1.28 in</td>
    </tr>
    <tr>
      <td>Rainfall in last 24 hours (via $span($hour_delta=24)):</td>
      <td>1.28 in</td>
    </tr>
    <tr>
      <td>Rainfall in last 24 hours (via $span($day_delta=1)):</td>
      <td>1.28 in</td>
    </tr>
    <tr>
      <td>Max Windchill in last hour (existing obs type that is None):</td>
      <td>63.9&#176;F</td>
    </tr>
  </table>
  
  <hr/>
  
  <h1>Tests for tag $day</h1>
  <table>
    <tr>
        <td>Start of day:</td>
        <td>09/03/2010 00:00:00</td>
    </tr>
    <tr>
        <td>Start of day (unix epoch time):</td>
        <td>1283497200</td>
    </tr>
    <tr>
        <td>End of day (unix epoch time):</td>
        <td>1283583600</td>
    </tr>
    <tr>
      <td>Max Temperature</td>
      <td>63.9&#176;F</td>
    </tr>
    <tr>
      <td>Min Temperature</td>
      <td>38.9&#176;F</td>
    </tr>
    <tr>
      <td>Time of max temperature:</td>
      <td>11:00</td>
    </tr>
    <tr>
      <td>Time of min temperature:</td>
      <td>04:00</td>
    </tr>
    <tr>
      <td>Last temperature of the day</td>
      <td>63.9&#176;F</td>
    </tr>
    <tr>
      <td>Time of the last temperature of the day</td>
      <td>09/03/2010 11:00:00</td>
    </tr>
    <tr>
      <td>First temperature of the day</td>
      <td>46.8&#176;F</td>
    </tr>
    <tr>
      <td>Time of the first temperature of the day</td>
      <td>09/03/2010 00:30:00</td>
    </tr>
    <tr>
      <td>Max Temperature in alt_binding</td>
      <td>25.1&#176;F</td>
    </tr>
    <tr>
      <td>Min temp with explicit conversion to Celsius</td>
      <td>3.8&#176;C</td>
    </tr>
    <tr>
      <td>Min temp with explicit conversion to Fahrenheit</td>
      <td>38.9&#176;F</td>
    </tr>
    <tr>
      <td>Min temp with explicit conversion to nonsense type</td>
      <td>$day.outTemp.min.badtype</td>
    </tr>
    <tr>
      <td>Min temperature with inappropriate conversion: $day.outTemp.min.mbar</td>
      <td>$day.outTemp.min.mbar</td>
    </tr>
    <tr>
      <td>Max value for a type with no data: $day.soilMoist3.max</td>
      <td>   N/A</td>
    </tr>
    <tr>
      <td>Sum aggregation (rain)</td>
      <td>0.76 in</td>
    </tr>
    <tr>
      <td>High Wind from "$day.wind.max"</td>
      <td>24 mph from 90&#176; at 01:00</td>
    </tr>
    <tr>
      <td>High Wind from "$day.windGust.max"</td>
      <td>24 mph</td>
    </tr>
    <tr>
      <td>High Wind from "$day.windSpeed.max"</td>
      <td>20 mph</td>
    </tr>
    <tr>
      <td>Average wind from "$day.wind.avg"</td>
      <td>19 mph</td>
    </tr>
    <tr>
      <td>High Wind from "$day.windSpeed.avg"</td>
      <td>19 mph</td>
    </tr>
    <tr>
      <td>Average aggregation (wind)</td>
      <td>19 mph</td>
    </tr>
    <tr>
      <td>RMS aggregation(wind)</td>
      <td>19 mph</td>
    </tr>
    <tr>
      <td>Aggregation Vector Average (wind)</td>
      <td>19 mph</td>
    </tr>
    <tr>
      <td>Aggregation Vector Direction (wind)</td>
      <td>107&#176;</td>
    </tr>
    <tr>
      <td>Test tag "has_data" with nonsense type $day.nonsense.has_data</td>
      <td>FALSE</td>
    </tr>
    <tr>
      <td>Test tag "exists" with an existing type that has no data $day.soilMoist3.exists</td>
      <td>TRUE</td>
    </tr>
    <tr>
      <td>Test tag "has_data" with existent type that has no data $day.soilMoist3.has_data</td>
      <td>FALSE</td>
    </tr>
    <tr>
      <td>Test tag "has_data" with existent type that has data $day.outTemp.has_data</td>
      <td>TRUE</td>
    </tr>
      <tr>
      <td>Test for a bad observation type on a $day tag: $day.foobar.min</td>
      <td>$day.foobar.min</td>
    </tr>
    </tr>
      <tr>
      <td>Test for a bad aggregation type on a $day tag: $day.outTemp.foo</td>
      <td>$day.outTemp.foo</td>
    </tr>
  </table>

  <hr/>
  
  <h1>Tests for tag $yesterday</h1>
  <table>
    <tr>
        <td>Start of yesterday:</td>
        <td>09/02/2010 00:00:00</td>
    </tr>
    <tr>
        <td>Start of yesterday (unix epoch time):</td>
        <td>1283410800</td>
    </tr>
    <tr>
      <td>Max Temperature yesterday</td>
      <td>79.2&#176;F</td>
    </tr>
    <tr>
      <td>Min Temperature yesterday</td>
      <td>39.5&#176;F</td>
    </tr>
    <tr>
      <td>Time of max temperature yesterday:</td>
      <td>16:00</td>
    </tr>
    <tr>
      <td>Time of min temperature yesterday:</td>
      <td>04:00</td>
    </tr>
    <tr>
      <td>Yesterday's last temperature</td>
      <td>49.0&#176;F</td>
    </tr>
    <tr>
      <td>Time of yesterday's last temperature</td>
      <td>09/03/2010 00:00:00</td>
    </tr>  
  </table>
  
  <h1>Tests for tag $rainyear</h1>
  <table>
    <tr>
      <td>Rainyear total</td>
      <td>79.36 in</td>
    </tr>
  </table>
    
  <h1>Test for tag $alltime</h1>
  <table>
    <tr>
      <td align="right">Max temp from $alltime.outTemp.max</td>
      <td align="left">100.0&#176;F <br/>
      at 02-Jul-2010 16:00</td>
    </tr>
    <tr>
      <td align="right">High Wind from "$alltime.wind.max"</td>
      <td align="left">
      24 mph <br/>
      from 90&#176; <br/>
      at 02-Jan-2010 00:00
      </td>
    </tr>
  </table>

  <h1>Test for tag $seven_day</h1>
  <table>
    <tr>
      <td align="right">Max temp from $seven_day.outTemp.max</td>
      <td align="left">82.7&#176;F <br/>
      at 16:00 on Friday</td>
    </tr>
    <tr>
      <td align="right">High Wind from "$seven_day.wind.max"</td>
      <td align="left">
      24 mph <br/>
      from 90&#176; <br/>
      at 01:00 on Monday
      </td>
    </tr>
  </table>

  <hr/>
  <h1>Tests for tag $Extras</h1>
  <table>
    <tr>
      <td>Radar URL</td>
      <td>&quot;http://radar.weather.gov/ridge/lite/N0R/RTX_loop.gif&quot;</td>
    </tr>
  </table>

  <hr/>

  <h1>Tests for tag $almanac</h1>
  <table>
    <tr>
      <td align="right">Sunrise:</td>
      <td align="left">06:29</td>
    </tr>
    <tr>
      <td align="right">Sunset:</td>
      <td align="left">19:40</td>
    </tr>
    <tr>
       <td align="right">Moon:</td>
       <td align="left">Waning crescent (29%full)</td>
    </tr>
  </table>
  
  <hr/>

  <h1>Test for tag $unit</h1>
  <table>
    <tr>
      <td align="right">Tag &quot;$unit.unit_type.outTemp&quot;</td>
      <td align="left">degree_F</td>
    </tr>
    <tr>
      <td align="right">Tag &quot;$unit.label.outTemp&quot;</td>
      <td align="left">&#176;F</td>
    </tr>
    <tr>
      <td align="right">Tag &quot;$unit.format.outTemp&quot;</td>
      <td align="left">%.1f</td>
    </tr>
    <tr>
      <td align="right">Example from customizing guide<br/>
      (&quot;$day.outTemp.max.format(add_label=False)$unit.label.outTemp&quot;)</td>
      <td align="left">63.9&#176;F</td>
    </tr>
    <tr>
      <td align="right">Test the above with backwards compatibility<br/>
      (&quot;$day.outTemp.max.formatted$unit.label.outTemp&quot;)</td>
      <td align="left">63.9&#176;F</td>
    </tr>
    <tr>
      <td align="right">Add a new unit type, existing group</td>
      <td align="left">degree_F</td>
    </tr>
    <tr>
      <td align="right">Check its label</td>
      <td align="left">&#176;F</td>
    </tr>
    <tr>
      <td align="right">Check its format</td>
      <td align="left">%.1f</td>
    </tr>
    <tr>
      <td align="right">Add a new unit type, new group</td>
      <td align="left">amp</td>
    </tr>
    <tr>
      <td align="right">Check its label</td>
      <td align="left"> A</td>
    </tr>
    <tr>
      <td align="right">Check its format</td>
      <td align="left">%.1f</td>
    </tr>
  </table>
  
  <h1>Test for tag $obs</h1>
  <table>
    <tr>
      <td align="right">Tag &quot;$obs.label.outTemp&quot;</td>
      <td align="left">Outside Temperature</td>
    </tr>
  </table>

  <hr/>

  <h1>Test for formatting examples in the Customizing Guide</h1>
  <table>
      <tr>
        <td align="right">$current.outTemp</td>
        <td align="left">63.9&#176;F</td>
      </tr>
      <tr>
        <td align="right">$current.outTemp.format</td>
        <td align="left">63.9&#176;F</td>
      </tr>
      <tr>
        <td align="right">$current.outTemp.format()</td>
        <td align="left">63.9&#176;F</td>
      </tr>
      <tr>
        <td align="right">$current.outTemp.format(format_string="%.3f")</td>
        <td align="left">63.921&#176;F</td>
      </tr>
      <tr>
        <td align="right">$current.outTemp.format("%.3f")</td>
        <td align="left">63.921&#176;F</td>
      </tr>
      <tr>
        <td align="right">$current.outTemp.format(add_label=False)</td>
        <td align="left">63.9</td>
      </tr>
      <tr>
        <td align="right">$current.UV</td>
        <td align="left">   N/A</td>
      </tr>
      <tr>
        <td align="right">$current.UV.format(None_string="No UV")</td>
        <td align="left">No UV</td>
      </tr>
      <tr>
        <td align="right">$current.windDir</td>
        <td align="left">128&#176;</td>
      </tr>
      <tr>
        <td align="right">$current.windDir.ordinal_compass</td>
        <td align="left">SE</td>
      </tr>
      <tr>
        <td align="right">$current.dateTime</td>
        <td align="left">03-Sep-2010 11:00</td>
      </tr>
      <tr>
        <td align="right">$current.dateTime.format(format_string="%H:%M")</td>
        <td align="left">11:00</td>
      </tr>
      <tr>
        <td align="right">$current.dateTime.format("%H:%M")</td>
        <td align="left">11:00</td>
      </tr>
      <tr>
        <td align="right">$current.dateTime.raw</td>
        <td align="left">1283536800</td>
      </tr>
      <tr>
        <td align="right">$current.outTemp.raw</td>
        <td align="left">63.92146</td>
      </tr>
  </table>
    
  <h1>Test for aggregates</h1>
  <table>
      <tr>
        <td align="right">$month.outTemp.maxmin</td>
        <td align="left">40.1&#176;F</td>
      </tr>
      <tr>
        <td align="right">$month.outTemp.maxmintime</td>
        <td align="left">01-Sep-2010 04:00</td>
      </tr>
      <tr>
        <td align="right">$month.outTemp.minmax</td>
        <td align="left">63.9&#176;F</td>
      </tr>
      <tr>
        <td align="right">$month.outTemp.minmaxtime</td>
        <td align="left">03-Sep-2010 11:00</td>
      </tr>
      <tr>
        <td align="right">$month.outTemp.minsum</td>
        <td align="left">981.7&#176;F</td>
      </tr>
      <tr>
        <td align="right">$month.outTemp.minsumtime</td>
        <td align="left">03-Sep-2010 04:00</td>
      </tr>
      <tr>
        <td align="right">$month.heatdeg.sum</td>
        <td align="left">29.4&#176;F-day</td>
      </tr>
      <tr>
        <td align="right">$month.cooldeg.sum</td>
        <td align="left">0.0&#176;F-day</td>
      </tr>
      <tr>
        <td align="right">$month.growdeg.sum</td>
        <td align="left">18.8&#176;F-day</td>
      </tr>
      <tr>
        <td align="right">$year.rain.sum_le((0.1, 'inch', 'group_rain'))</td>
        <td align="left">122</td>
      </tr>
  </table>

  <h1>Day images</h1>
  <p>
  <img src="daytempdew.png" alt="temperatures" />
  <img src="daytempchill.png" alt="heatchill" /> 
  <img src="dayrain.png" alt="rain" />
  <img src="daywind.png" alt="wind" />
  <img src="daybarometer.png" alt="barometer"/>
  <img src="daywinddir.png" alt="Hi Wind" />
  <img src="dayinside.png"  alt="Inside" /> 
  <img src="daywindvec.png" alt="Wind Vector" />
  <img src="dayrx.png" alt="day rx percent"/>
  </p>

  <hr/>

</body>

</html>
