                   TEST HOURS ITERABLE
---------------------------------------------------------------------------------------
01:00 8.2C
02:00 6.2C
03:00 4.7C
04:00 3.9C
05:00 4.2C
06:00 5.3C
07:00 7.1C
08:00 9.3C
09:00 12.0C
10:00 14.9C
11:00 17.7C
12:00    N/A
13:00    N/A
14:00    N/A
15:00    N/A
16:00    N/A
17:00    N/A
18:00    N/A
19:00    N/A
20:00    N/A
21:00    N/A
22:00    N/A
23:00    N/A
00:00    N/A
---------------------------------------------------------------------------------------
    
