                   TEST MONTHLY CLIMATOLOGICAL SUMMARY for Sep 2010


NAME:  with UTF8 characters                  
ELEV: 100 meters    LAT: 45-41.16 N    LONG: 121-33.96 W


                   TEMPERATURE (C), RAIN (mm), WIND SPEED (kph)

                                         HEAT   COOL         AVG
      MEAN                               DEG    DEG          WIND                   DOM
DAY   TEMP   HIGH   TIME    LOW   TIME   DAYS   DAYS   RAIN  SPEED   HIGH   TIME    DIR
---------------------------------------------------------------------------------------
 01   15.3   26.6  16:00    4.5  04:00    3.0    0.0    0.0    5.4   18.0  00:00    335
 02   15.2   26.2  16:00    4.2  04:00    3.2    0.0   13.2   26.0   38.6  00:00     47
 03    8.2   17.7  11:00    3.8  04:00   10.1    0.0   19.3   31.1   38.6  01:00    107
 04
 05
 06
 07
 08
 09
 10
 11
 12
 13
 14
 15
 16
 17
 18
 19
 20
 21
 22
 23
 24
 25
 26
 27
 28
 29
 30
---------------------------------------------------------------------------------------
      14.0   26.6     01    3.8     03   16.3    0.0   32.5   18.5   38.6     03     61
    
