                   TEST HOURS ITERABLE
---------------------------------------------------------------------------------------
00:00 63.3F
01:00 58.1F
02:00 53.0F
03:00 48.2F
04:00 44.2F
05:00 41.2F
06:00 39.3F
07:00 39.5F
08:00 41.5F
09:00 44.6F
10:00 48.7F
11:00 50.3F
12:00    N/A
13:00    N/A
14:00    N/A
15:00    N/A
16:00    N/A
17:00    N/A
18:00    N/A
19:00    N/A
20:00    N/A
21:00    N/A
22:00    N/A
23:00    N/A
---------------------------------------------------------------------------------------
    
