                   TEST MONTHLY CLIMATOLOGICAL SUMMARY for Sep 2010


NAME:  with UTF8 characters                  
ELEV: 328 feet    LAT: 45-41.16 N    LONG: 121-33.96 W


                   TEMPERATURE (F), RAIN (in), WIND SPEED (mph)

                                         HEAT   COOL         AVG
      MEAN                               DEG    DEG          WIND                   DOM
DAY   TEMP   HIGH   TIME    LOW   TIME   DAYS   DAYS   RAIN  SPEED   HIGH   TIME    DIR
---------------------------------------------------------------------------------------
 01   59.9   79.8  19:00   40.0  07:00    5.1    0.0   0.00    3.3   11.2  00:00    334
 02   59.3   79.1  19:00   39.5  07:00    5.7    0.0   0.37   16.0   24.0  00:00     47
 03   46.2   63.3  00:10   38.8  07:00   18.8    0.0   0.59   19.3   24.0  01:00    107
 04
 05
 06
 07
 08
 09
 10
 11
 12
 13
 14
 15
 16
 17
 18
 19
 20
 21
 22
 23
 24
 25
 26
 27
 28
 29
 30
---------------------------------------------------------------------------------------
      57.1   79.8     01   38.8     03   29.6    0.0   0.96   11.5   24.0     03     61
    
