<!DOCTYPE HTML PUBLIC "-//W3C//DTD XHTML 1.0 Strict//EN"
"http://www.w3.org/TR/xhtml1/DTD/xhtml1-strict.dtd">
<html xmlns="http://www.w3.org/1999/xhtml">
<head profile="http://www.w3.org/2005/10/profile">
  <title>TEST: Current Weather Conditions</title>
  <style type="text/css">
  table {
    border: thin solid #000000;
  }
  td {
    border: thin solid #000000;
    padding: 2px;
  }
</style>
</head>
<body>

  <h1>Tests for tag $station</h1>
  <table>
    <tr>
      <td>Station location:</td>
      <td>&#313;&#333;&#263;&#257;&#355;&#297;&#337;&#324; with UTF8 characters</td>
    </tr>
    <tr>
      <td align="right">Latitude:</td>
      <td align="left">45&deg; 41.16' N</td>
    </tr>
    <tr>
      <td align="right">Longitude:</td>
      <td align="left">121&deg; 33.96' W</td>
    </tr>
    <tr>
      <td align="right">Altitude (default unit):</td>
      <td align="left">328 feet</td>
    </tr>
    <tr>
      <td align="right">Altitude (feet):</td>
      <td align="left">328 feet</td>
    </tr>
    <tr>
      <td align="right">Altitude (meters):</td>
      <td align="left">100 meters</td>
    </tr>
  </table>
  
  <hr/>

  <h1>Tests for tag $current</h1>
  <table>
    <tr>
      <td>Current dateTime:</td>
      <td>03-Sep-2010 11:20</td>
    </tr>
    <tr>
      <td>Current dateTime with formatting:</td>
      <td>11:20</td>
    </tr>
    <tr>
      <td>Raw dateTime:</td>
      <td>1283538000</td>
    </tr>
    <tr>
      <td>Outside Temperature (normal formatting)</td>
      <td>50.3&#176;F</td>
    </tr>
    <tr>
      <td>Outside Temperature (explicit unit conversion to Celsius)</td>
      <td>10.2&#176;C</td>
    </tr>
    <tr>
      <td>Outside Temperature (explicit unit conversion to Fahrenheit)</td>
      <td>50.3&#176;F</td>
    </tr>
    <tr>
      <td>Outside Temperature (explicit unit conversion to Celsius, plus formatting)</td>
      <td>10.158&#176;C</td>
    </tr>
    <tr>
      <td>Outside Temperature (explicit unit conversion to Fahrenheit, plus formatting)</td>
      <td>50.284&#176;F</td>
    </tr>
    <tr>
      <td>Outside Temperature (with explicit binding to 'wx_binding')</td>
      <td>50.3&#176;F</td>
    </tr>
    <tr>
      <td>Outside Temperature (with explicit binding to 'alt_binding')</td>
      <td>45.1&#176;F</td>
    </tr>
    <tr>
      <td>Outside Temperature with nonsense binding 'foo_binding'</td>
      <td>?'foo_binding'?</td>
    </tr>
    <tr>
      <td>Outside Temperature with explicit time</td>
      <td>50.3&#176;F</td>
    </tr>
    <tr>
      <td>Outside Temperature with nonsense time</td>
      <td>   N/A</td>
    </tr>
    <tr>
      <td>Outside Temperature trend (3 hours)</td>
      <td>10.3&#176;F</td>
    </tr>
    <tr>
      <td>Outside Temperature trend with explicit time_delta (3600 seconds)</td>
      <td>4.4&#176;F</td>
    </tr>
    <tr>
      <td>Outside Temperature trend where previous value is known to be None (9000 seconds)</td>
      <td>   N/A</td>
    </tr>
    <tr>
      <td>Trend with nonsense type</td>
      <td>?'foobar'?</td>
    </tr>
    <tr>
      <td>Barometer (normal)</td>
      <td>30.780 inHg</td>
    </tr>
    <tr>
      <td>Barometer trend (3 hours)</td>
      <td>-0.107 inHg</td>
    </tr>
    <tr>
      <td>Barometer using $latest</td>
      <td>30.780 inHg</td>
    </tr>
    <tr>
      <td>Barometer using $latest and explicit data binding</td>
      <td>30.390 inHg at 1283538000</td>
    </tr>
    <tr>
      <td>Wind Chill (normal)</td>
      <td>   N/A</td>
    </tr>
    <tr>
      <td>Heat Index (normal)</td>
      <td>   N/A</td>
    </tr>
    <tr>
      <td>Heat Index (in Celsius)</td>
      <td>   N/A</td>
    </tr>
    <tr>
      <td>Heat Index (in Fahrenheit)</td>
      <td>   N/A</td>
    </tr>
    <tr>
      <td>Dewpoint</td>
      <td>   N/A</td>
    </tr>
    <tr>
      <td>Humidity</td>
      <td>   N/A</td>
    </tr>
    <tr>
      <td>Wind</td>
      <td>18 mph from 129&#176;</td>
    </tr>
    <tr>
      <td>Rain Rate</td>
      <td>   N/A</td>
    </tr>
    <tr>
      <td>Inside Temperature</td>
      <td>   N/A</td>
    </tr>
    <tr>
      <td>Test tag "exists" for an existent type: $current.outTemp.exists</td>
      <td>PASS</td>
    </tr> 
    <tr>
      <td>Test tag "exists" for a nonsense type: $current.nonsense.exists</td>
      <td>PASS</td>
    </tr> 
    <tr>
      <td>Test tag "has_data" for an existing type with data: $current.outTemp.has_data</td>
      <td>PASS</td>
    </tr>
    <tr>
      <td>Test tag "has_data" for an existing type without data: $current.hail.has_data</td>
      <td>PASS</td>
    </tr>
    <tr>
      <td>Test tag "has_data" for a nonsense type: $current.nonsense.has_data</td>
      <td>PASS</td>
    </tr> 
    <tr>
      <td>Test for a bad observation type on a $current tag: $current.foobar</td>
      <td>?'foobar'?</td>
    </tr>
  </table>

  <hr/>

  <h1>Tests for tag $hour</h1>
  <table>
    <tr>
        <td>Start of hour:</td>
        <td>09/03/2010 11:00:00 AM</td>
    </tr>
    <tr>
        <td>Start of hour (unix epoch time):</td>
        <td>1283536800.0</td>
    </tr>
    <tr>
      <td>Max Temperature</td>
      <td>50.3&#176;F</td>
    </tr>
    <tr>
      <td>Min Temperature</td>
      <td>49.5&#176;F</td>
    </tr>
    <tr>
      <td>Time of max temperature:</td>
      <td>11:20</td>
    </tr>
    <tr>
      <td>Time of min temperature:</td>
      <td>11:10</td>
    </tr>
  </table>
  
  <h1>Iterate over three hours:</h1>
  <table>
    <tr>
      <td>Start of hour</td>
      <td>Min temperature</td>
      <td>When</td>
    </tr>
    <tr>
      <td>08:00</td>
      <td>39.7&#176;F</td>
      <td>08:10</td>
    </tr>
    <tr>
      <td>09:00</td>
      <td>41.9&#176;F</td>
      <td>09:10</td>
    </tr>
    <tr>
      <td>10:00</td>
      <td>45.3&#176;F</td>
      <td>10:10</td>
    </tr>
    <tr>
      <td>11:00</td>
      <td>49.5&#176;F</td>
      <td>11:10</td>
    </tr>
  </table>
  
  <hr/>
  
  <h1>Tests for tag $span</h1>
  <table>
    <tr>
      <td>Current dateTime:</td>
      <td>03-Sep-2010 11:20</td>
    </tr>
    <tr>
      <td>Min Temperature in last hour (via $span($time_delta=3600)):</td>
      <td>46.6&#176;F</td>
    </tr>
    <tr>
      <td>Min Temperature in last hour (via $span($hour_delta=1)):</td>
      <td>46.6&#176;F</td>
    </tr>
    <tr>
      <td>Min Temperature in last 90 min (via $span($time_delta=5400)):</td>
      <td>44.6&#176;F</td>
    </tr>
    <tr>
      <td>Min Temperature in last 90 min (via $span($hour_delta=1.5)):</td>
      <td>44.6&#176;F</td>
    </tr>
    <tr>
      <td>Max Temperature in last 24 hours (via $span($time_delta=86400)):</td>
      <td>79.1&#176;F</td>
    </tr>
    <tr>
      <td>Max Temperature in last 24 hours (via $span($hour_delta=24)):</td>
      <td>79.1&#176;F</td>
    </tr>
    <tr>
      <td>Max Temperature in last 24 hours (via $span($day_delta=1)):</td>
      <td>79.1&#176;F</td>
    </tr>
    <tr>
      <td>Min Temperature in last 7 days (via $span($time_delta=604800)):</td>
      <td>38.8&#176;F</td>
    </tr>
    <tr>
      <td>Min Temperature in last 7 days (via $span($hour_delta=168)):</td>
      <td>38.8&#176;F</td>
    </tr>
    <tr>
      <td>Min Temperature in last 7 days (via $span($day_delta=7)):</td>
      <td>38.8&#176;F</td>
    </tr>
    <tr>
      <td>Min Temperature in last 7 days (via $span($week_delta=1)):</td>
      <td>38.8&#176;F</td>
    </tr>
    <tr>
      <td>Rainfall in last 24 hours (via $span($time_delta=86400)):</td>
      <td>0.95 in</td>
    </tr>
    <tr>
      <td>Rainfall in last 24 hours (via $span($hour_delta=24)):</td>
      <td>0.95 in</td>
    </tr>
    <tr>
      <td>Rainfall in last 24 hours (via $span($day_delta=1)):</td>
      <td>0.95 in</td>
    </tr>
    <tr>
      <td>Max Windchill in last hour (existing obs type that is None):</td>
      <td>   N/A</td>
    </tr>
  </table>
  
  <hr/>
  
  <h1>Tests for tag $day</h1>
  <table>
    <tr>
        <td>Start of day:</td>
        <td>09/03/2010 12:00:00 AM</td>
    </tr>
    <tr>
        <td>Start of day (unix epoch time):</td>
        <td>1283497200</td>
    </tr>
    <tr>
        <td>End of day (unix epoch time):</td>
        <td>1283583600</td>
    </tr>
    <tr>
      <td>Max Temperature</td>
      <td>63.3&#176;F</td>
    </tr>
    <tr>
      <td>Min Temperature</td>
      <td>38.8&#176;F</td>
    </tr>
    <tr>
      <td>Time of max temperature:</td>
      <td>00:10</td>
    </tr>
    <tr>
      <td>Time of min temperature:</td>
      <td>07:00</td>
    </tr>
    <tr>
      <td>Last temperature of the day</td>
      <td>50.3&#176;F</td>
    </tr>
    <tr>
      <td>Time of the last temperature of the day</td>
      <td>09/03/2010 11:20:00 AM</td>
    </tr>
    <tr>
      <td>Max Temperature in alt_binding</td>
      <td>51.7&#176;F</td>
    </tr>
    <tr>
      <td>Min temp with explicit conversion to Celsius</td>
      <td>3.8&#176;C</td>
    </tr>
    <tr>
      <td>Min temp with explicit conversion to Fahrenheit</td>
      <td>38.8&#176;F</td>
    </tr>
    <tr>
      <td>Min temp with explicit conversion to nonsense type</td>
      <td>$day.outTemp.min.badtype</td>
    </tr>
    <tr>
      <td>Min temperature with inappropriate conversion: $day.outTemp.min.mbar</td>
      <td>$day.outTemp.min.mbar</td>
    </tr>
    <tr>
      <td>Nonexistent type:</td>
      <td>   N/A</td>
    </tr>
    <tr>
      <td>Sum aggregation (rain)</td>
      <td>0.58 in</td>
    </tr>
    <tr>
      <td>High Wind from "$day.wind.max"</td>
      <td>24 mph from 90&#176; at 01:00</td>
    </tr>
    <tr>
      <td>High Wind from "$day.windGust.max"</td>
      <td>24 mph</td>
    </tr>
    <tr>
      <td>High Wind from "$day.windSpeed.max"</td>
      <td>20 mph</td>
    </tr>
    <tr>
      <td>Average wind from "$day.wind.avg"</td>
      <td>19 mph</td>
    </tr>
    <tr>
      <td>High Wind from "$day.windSpeed.avg"</td>
      <td>19 mph</td>
    </tr>
    <tr>
      <td>Average aggregation (wind)</td>
      <td>19 mph</td>
    </tr>
    <tr>
      <td>RMS aggregation(wind)</td>
      <td>19 mph</td>
    </tr>
    <tr>
      <td>Aggregation Vector Average (wind)</td>
      <td>19 mph</td>
    </tr>
    <tr>
      <td>Aggregation Vector Direction (wind)</td>
      <td>107&#176;</td>
    </tr>
    <tr>
      <td>Test tag "has_data" with nonsense type</td>
      <td>PASS</td>
    </tr>
    <tr>
      <td>Test tag "exists" with an existing type that has no data</td>
      <td>PASS</td>
    </tr>
    <tr>
      <td>Test tag "has_data" with existent type that has no data</td>
      <td>PASS</td>
    </tr>
    <tr>
      <td>Test tag "has_data" with existent type that has data</td>
      <td>PASS</td>
    </tr>
      <tr>
      <td>Test for a bad observation type on a $day tag: $day.foobar.min</td>
      <td>$day.foobar.min</td>
    </tr>
  </table>

  <hr/>
  
  <h1>Tests for tag $yesterday</h1>
  <table>
    <tr>
        <td>Start of yesterday:</td>
        <td>09/02/2010 12:00:00 AM</td>
    </tr>
    <tr>
        <td>Start of yesterday (unix epoch time):</td>
        <td>1283410800</td>
    </tr>
    <tr>
      <td>Max Temperature yesterday</td>
      <td>79.1&#176;F</td>
    </tr>
    <tr>
      <td>Min Temperature yesterday</td>
      <td>39.5&#176;F</td>
    </tr>
    <tr>
      <td>Time of max temperature yesterday:</td>
      <td>19:00</td>
    </tr>
    <tr>
      <td>Time of min temperature yesterday:</td>
      <td>07:00</td>
    </tr>
    <tr>
      <td>Yesterday's last temperature</td>
      <td>64.2&#176;F</td>
    </tr>
    <tr>
      <td>Time of yesterday's last temperature</td>
      <td>09/03/2010 12:00:00 AM</td>
    </tr>  
  </table>
  
  <h1>Tests for tag $rainyear</h1>
  <table>
    <tr>
      <td>Rainyear total</td>
      <td>58.68 in</td>
    </tr>
  </table>
    
  <h1>Test for tag $alltime</h1>
  <table>
    <tr>
      <td align="right">Max temp from $alltime.outTemp.max</td>
      <td align="left">100.0&#176;F <br/>
      at 02-Jul-2010 19:00</td>
    </tr>
    <tr>
      <td align="right">High Wind from "$alltime.wind.max"</td>
      <td align="left">
      24 mph <br/>
      from 90&#176; <br/>
      at 02-Jan-2010 00:00
      </td>
    </tr>
  </table>

  <hr/>

  <h1>Tests for tag $Extras</h1>
  <table>
    <tr>
      <td>Radar URL</td>
      <td>&quot;http://radar.weather.gov/ridge/lite/N0R/RTX_loop.gif&quot;</td>
    </tr>
  </table>

  <hr/>

  <h1>Tests for tag $almanac</h1>
  <table>
    <tr>
      <td align="right">Sunrise:</td>
      <td align="left">06:29</td>
    </tr>
    <tr>
      <td align="right">Sunset:</td>
      <td align="left">19:40</td>
    </tr>
    <tr>
       <td align="right">Moon:</td>
       <td align="left">Last quarter (29%full)</td>
    </tr>
  </table>
  
  <hr/>

  <h1>Test for tag $unit</h1>
  <table>
    <tr>
      <td align="right">Tag &quot;$unit.unit_type.outTemp&quot;</td>
      <td align="left">degree_F</td>
    </tr>
    <tr>
      <td align="right">Tag &quot;$unit.label.outTemp&quot;</td>
      <td align="left">&#176;F</td>
    </tr>
    <tr>
      <td align="right">Tag &quot;$unit.format.outTemp&quot;</td>
      <td align="left">%.1f</td>
    </tr>
    <tr>
      <td align="right">Example from customizing guide<br/>
      (&quot;$day.outTemp.max.formatted$unit.label.outTemp&quot;)</td>
      <td align="left">63.3&#176;F</td>
    </tr>
    <tr>
      <td align="right">Add a new unit type, existing group</td>
      <td align="left">degree_F</td>
    </tr>
    <tr>
      <td align="right">Check its label</td>
      <td align="left">&#176;F</td>
    </tr>
    <tr>
      <td align="right">Check its format</td>
      <td align="left">%.1f</td>
    </tr>
    <tr>
      <td align="right">Add a new unit type, new group</td>
      <td align="left">amp</td>
    </tr>
    <tr>
      <td align="right">Check its label</td>
      <td align="left"> A</td>
    </tr>
    <tr>
      <td align="right">Check its format</td>
      <td align="left">%.1f</td>
    </tr>
  </table>
  
  <h1>Test for tag $obs</h1>
  <table>
    <tr>
      <td align="right">Tag &quot;$obs.label.outTemp&quot;</td>
      <td align="left">Outside Temperature</td>
    </tr>
  </table>

  <hr/>
  
  <h1>Day images</h1>
  <p>
  <img src="daytempdew.png" alt="temperatures" />
  <img src="daytempchill.png" alt="heatchill" /> 
  <img src="dayrain.png" alt="rain" />
  <img src="daywind.png" alt="wind" />
  <img src="daybarometer.png" alt="barometer"/>
  <img src="daywinddir.png" alt="Hi Wind" />
  <img src="dayinside.png"  alt="Inside" /> 
  <img src="daywindvec.png" alt="Wind Vector" />
  <img src="dayrx.png" alt="day rx percent"/>
    (No image for extraTemp1)
  </p>

  <hr/>

</body>

</html>
