                   TEST HOURS ITERABLE
---------------------------------------------------------------------------------------
00:00 17.4C
01:00 14.5C
02:00 11.6C
03:00 9.0C
04:00 6.8C
05:00 5.1C
06:00 4.1C
07:00 4.2C
08:00 5.3C
09:00 7.0C
10:00 9.3C
11:00 10.2C
12:00    N/A
13:00    N/A
14:00    N/A
15:00    N/A
16:00    N/A
17:00    N/A
18:00    N/A
19:00    N/A
20:00    N/A
21:00    N/A
22:00    N/A
23:00    N/A
---------------------------------------------------------------------------------------
    
