                   TEST MONTHLY CLIMATOLOGICAL SUMMARY for Sep 2010


NAME:  with UTF8 characters                  
ELEV: 100 meters    LAT: 45-41.16 N    LONG: 121-33.96 W


                   TEMPERATURE (C), RAIN (mm), WIND SPEED (kph)

                                         HEAT   COOL         AVG
      MEAN                               DEG    DEG          WIND                   DOM
DAY   TEMP   HIGH   TIME    LOW   TIME   DAYS   DAYS   RAIN  SPEED   HIGH   TIME    DIR
---------------------------------------------------------------------------------------
 01   15.5   26.5  19:00    4.5  07:00    2.8    0.0    0.0    5.3   18.0  00:00    334
 02   15.2   26.2  19:00    4.1  07:00    3.2    0.0    9.4   25.7   38.6  00:00     47
 03    7.9   17.4  00:10    3.8  07:00   10.5    0.0   15.0   31.1   38.6  01:00    107
 04
 05
 06
 07
 08
 09
 10
 11
 12
 13
 14
 15
 16
 17
 18
 19
 20
 21
 22
 23
 24
 25
 26
 27
 28
 29
 30
---------------------------------------------------------------------------------------
      13.9   26.5     01    3.8     03   16.4    0.0   24.4   18.5   38.6     03     61
    
